// Vitest Snapshot v1, https://vitest.dev/guide/snapshot.html

exports[`renderPreviewPage > should render a complete HTML page with provided content 1`] = `
"
  <!DOCTYPE html>
  <html>
  <head>
    <meta charset="utf-8">
    <meta name="viewport" content="width=device-width, initial-scale=1">
    <link rel="stylesheet" href="/assets/style.css">
    <title>Test Page</title>
  </head>
  <body>
    <div>Test content</div>
    <script type="module" src="/assets/main.js"></script>
<script type="module" src="/assets/extra.js"></script>
  </body>
  </html>
  "
`;
